// Jest Snapshot v1, https://goo.gl/fbAQLP

exports[`transforms imports 1`] = `
"import Rad from \\"../../dux/rad\\";
import { css } from '@emotion/core';
import { ENV } from \\"/tmp/env/dev\\";
const HomeScreen = import(
/* webpackChunkName: \\"HomeScreen\\" */
\\"../../screens/HomeScreen/HomeScreen\\");

function load() {}

const FakeScreen = load(
/* webpackChunkName: \\"HomeScreen\\" */
'@/screens/HomeScreen/HomeScreen');"
`;
